task:
  name: script instruction with single command
  container:
    cpu: 2
    memory: 4096
  single_script:
    - echo "step 1"
task:
  name: script instruction with multiple commands
  container:
    cpu: 2
    memory: 4096
  multiple_script:
    - echo "step 1"
    - echo "step 2"
task:
  name: unnamed script
  container:
    cpu: 2
    memory: 4096
  script: echo "step 1"
task:
  name: background script
  container:
    cpu: 2
    memory: 4096
  start_emulator_background_script:
    - emulator -avd test -no-audio -no-window
task:
  name: unnamed background script
  container:
    cpu: 2
    memory: 4096
  background_script: emulator -avd test -no-audio -no-window
