task:
  name: Windows (windowsservercore 2019)
  windows_container:
    image: python:3.8-windowsservercore
    os_version: 2019
  clone_script:
    - git clone --recursive https://x-access-token:%CIRRUS_REPO_CLONE_TOKEN%@github.com/%CIRRUS_REPO_FULL_NAME%.git %CIRRUS_WORKING_DIR%
    - git fetch origin pull/%CIRRUS_PR%/head:pull/%CIRRUS_PR%
    - git reset --hard %CIRRUS_CHANGE_IN_REPO%
  test_script:
    - python3 -c 'import sys; print(sys.version)'
task:
  name: Linux (debian buster)
  container:
    image: python:3.8-buster
  prepare_script:
    - python3 -m pip install -U pip setuptools
  clone_script:
    - git clone --recursive https://x-access-token:${CIRRUS_REPO_CLONE_TOKEN}@github.com/${CIRRUS_REPO_FULL_NAME}.git ${CIRRUS_WORKING_DIR}
    - git fetch origin pull/${CIRRUS_PR}/head:pull/${CIRRUS_PR}
    - git reset --hard ${CIRRUS_CHANGE_IN_REPO}
  test_script:
    - python3 -c 'import sys; print(sys.version)'
