task:
  name: macos task
  macos_instance:
    image: big-sur-xcode
