task:
  name: task default windows container
  windows_container:
    image: cirrusci/windowsservercore
task:
  name: task custom windows container
  windows_container:
    image: cirrusci/windowsservercore:visualstudio2019
task:
  name: task custom windows container custom version
  windows_container:
    image: python:3.8-windowsservercore
    os_version: "2019"
  debug_script:
    - ps: Get-Location
task:
  name: task with unnamed powershell script
  windows_container:
    image: python:3.8-windowsservercore
    os_version: "2019"
  script:
    - ps: Get-Location
